---
source: tests/closure_conv.rs
expression: lifted_body
---
Block {
    statements: [
        Let {
            binding_id: BindingId(
                2,
            ),
            name: "n",
            mutable: false,
            ty: Some(
                Primitive(
                    I32,
                ),
            ),
            value: Literal {
                value: Number(
                    NumberLiteral {
                        value: Integer(
                            100,
                        ),
                        suffix: None,
                        kind: Integer,
                    },
                ),
                ty: Primitive(
                    I32,
                ),
                span: IrSpan {
                    span: Span {
                        start: Location {
                            offset: 0,
                            line: 1,
                            column: 1,
                        },
                        end: Location {
                            offset: 0,
                            line: 1,
                            column: 1,
                        },
                    },
                    file: FileId(
                        0,
                    ),
                },
            },
            span: IrSpan {
                span: Span {
                    start: Location {
                        offset: 0,
                        line: 1,
                        column: 1,
                    },
                    end: Location {
                        offset: 0,
                        line: 1,
                        column: 1,
                    },
                },
                file: FileId(
                    0,
                ),
            },
        },
    ],
    result: BinaryOp {
        left: Reference {
            path: [
                "x",
            ],
            target: Param(
                BindingId(
                    1,
                ),
            ),
            ty: Primitive(
                I32,
            ),
            span: IrSpan {
                span: Span {
                    start: Location {
                        offset: 0,
                        line: 1,
                        column: 1,
                    },
                    end: Location {
                        offset: 0,
                        line: 1,
                        column: 1,
                    },
                },
                file: FileId(
                    0,
                ),
            },
        },
        op: Add,
        right: Reference {
            path: [
                "n",
            ],
            target: Local(
                BindingId(
                    2,
                ),
            ),
            ty: Primitive(
                I32,
            ),
            span: IrSpan {
                span: Span {
                    start: Location {
                        offset: 0,
                        line: 1,
                        column: 1,
                    },
                    end: Location {
                        offset: 0,
                        line: 1,
                        column: 1,
                    },
                },
                file: FileId(
                    0,
                ),
            },
        },
        ty: Primitive(
            I32,
        ),
        span: IrSpan {
            span: Span {
                start: Location {
                    offset: 0,
                    line: 1,
                    column: 1,
                },
                end: Location {
                    offset: 0,
                    line: 1,
                    column: 1,
                },
            },
            file: FileId(
                0,
            ),
        },
    },
    ty: Primitive(
        I32,
    ),
    span: IrSpan {
        span: Span {
            start: Location {
                offset: 0,
                line: 1,
                column: 1,
            },
            end: Location {
                offset: 0,
                line: 1,
                column: 1,
            },
        },
        file: FileId(
            0,
        ),
    },
}
