---
source: tests/closure_conv.rs
assertion_line: 290
expression: "(make_curried_body, outer_lifted_body)"
---
(
    ClosureRef {
        funcref: [
            "__closure0",
        ],
        env_struct: StructInst {
            struct_id: Some(
                StructId(
                    0,
                ),
            ),
            type_args: [],
            fields: [
                (
                    "n",
                    FieldIdx(
                        0,
                    ),
                    Reference {
                        path: [
                            "n",
                        ],
                        target: Unresolved,
                        ty: Primitive(
                            I32,
                        ),
                    },
                ),
            ],
            ty: Struct(
                StructId(
                    0,
                ),
            ),
        },
        ty: Closure {
            param_tys: [
                (
                    Let,
                    Primitive(
                        I32,
                    ),
                ),
            ],
            return_ty: Closure {
                param_tys: [
                    (
                        Let,
                        Primitive(
                            I32,
                        ),
                    ),
                ],
                return_ty: Primitive(
                    I32,
                ),
            },
        },
    },
    ClosureRef {
        funcref: [
            "__closure1",
        ],
        env_struct: StructInst {
            struct_id: Some(
                StructId(
                    1,
                ),
            ),
            type_args: [],
            fields: [
                (
                    "x",
                    FieldIdx(
                        0,
                    ),
                    Reference {
                        path: [
                            "x",
                        ],
                        target: Unresolved,
                        ty: Primitive(
                            I32,
                        ),
                    },
                ),
                (
                    "n",
                    FieldIdx(
                        1,
                    ),
                    Reference {
                        path: [
                            "n",
                        ],
                        target: Unresolved,
                        ty: Primitive(
                            I32,
                        ),
                    },
                ),
            ],
            ty: Struct(
                StructId(
                    1,
                ),
            ),
        },
        ty: Closure {
            param_tys: [
                (
                    Let,
                    Primitive(
                        I32,
                    ),
                ),
            ],
            return_ty: Primitive(
                I32,
            ),
        },
    },
)
