---
source: tests/closure_conv.rs
expression: new_structs
---
[
    IrStruct {
        name: "Array",
        visibility: Public,
        traits: [],
        fields: [],
        generic_params: [
            IrGenericParam {
                name: "T",
                constraints: [],
            },
        ],
        doc: None,
        span: IrSpan {
            span: Span {
                start: Location {
                    offset: 0,
                    line: 1,
                    column: 1,
                },
                end: Location {
                    offset: 0,
                    line: 1,
                    column: 1,
                },
            },
            file: FileId(
                0,
            ),
        },
    },
    IrStruct {
        name: "Dictionary",
        visibility: Public,
        traits: [],
        fields: [],
        generic_params: [
            IrGenericParam {
                name: "K",
                constraints: [],
            },
            IrGenericParam {
                name: "V",
                constraints: [],
            },
        ],
        doc: None,
        span: IrSpan {
            span: Span {
                start: Location {
                    offset: 0,
                    line: 1,
                    column: 1,
                },
                end: Location {
                    offset: 0,
                    line: 1,
                    column: 1,
                },
            },
            file: FileId(
                0,
            ),
        },
    },
    IrStruct {
        name: "Range",
        visibility: Public,
        traits: [],
        fields: [],
        generic_params: [
            IrGenericParam {
                name: "T",
                constraints: [],
            },
        ],
        doc: None,
        span: IrSpan {
            span: Span {
                start: Location {
                    offset: 0,
                    line: 1,
                    column: 1,
                },
                end: Location {
                    offset: 0,
                    line: 1,
                    column: 1,
                },
            },
            file: FileId(
                0,
            ),
        },
    },
    IrStruct {
        name: "__ClosureEnv0",
        visibility: Private,
        traits: [],
        fields: [],
        generic_params: [],
        doc: Some(
            "Auto-generated capture environment for a lifted closure. Produced by `ClosureConversionPass`.",
        ),
        span: IrSpan {
            span: Span {
                start: Location {
                    offset: 0,
                    line: 1,
                    column: 1,
                },
                end: Location {
                    offset: 0,
                    line: 1,
                    column: 1,
                },
            },
            file: FileId(
                0,
            ),
        },
    },
    IrStruct {
        name: "__ClosureEnv1",
        visibility: Private,
        traits: [],
        fields: [
            IrField {
                name: "n",
                ty: Primitive(
                    I32,
                ),
                mutable: false,
                optional: false,
                default: None,
                doc: None,
                convention: Sink,
                span: IrSpan {
                    span: Span {
                        start: Location {
                            offset: 0,
                            line: 1,
                            column: 1,
                        },
                        end: Location {
                            offset: 0,
                            line: 1,
                            column: 1,
                        },
                    },
                    file: FileId(
                        0,
                    ),
                },
            },
        ],
        generic_params: [],
        doc: Some(
            "Auto-generated capture environment for a lifted closure. Produced by `ClosureConversionPass`.",
        ),
        span: IrSpan {
            span: Span {
                start: Location {
                    offset: 0,
                    line: 1,
                    column: 1,
                },
                end: Location {
                    offset: 0,
                    line: 1,
                    column: 1,
                },
            },
            file: FileId(
                0,
            ),
        },
    },
]
