---
source: tests/closure_conv.rs
assertion_line: 89
expression: lifted_bodies
---
[
    Some(
        Reference {
            path: [
                "t",
            ],
            target: Unresolved,
            ty: Primitive(
                String,
            ),
        },
    ),
    Some(
        BinaryOp {
            left: Reference {
                path: [
                    "x",
                ],
                target: Unresolved,
                ty: Primitive(
                    I32,
                ),
            },
            op: Add,
            right: FieldAccess {
                object: Reference {
                    path: [
                        "__env",
                    ],
                    target: Unresolved,
                    ty: Struct(
                        StructId(
                            1,
                        ),
                    ),
                },
                field: "n",
                field_idx: FieldIdx(
                    0,
                ),
                ty: Primitive(
                    I32,
                ),
            },
            ty: Primitive(
                I32,
            ),
        },
    ),
]
