---
source: tests/snapshots.rs
assertion_line: 58
expression: file
---
File {
    format_version: 1,
    statements: [
        Definition(
            Enum(
                EnumDef {
                    visibility: Private,
                    name: Ident {
                        name: "Status",
                        span: Span {
                            start: Location {
                                offset: 14,
                                line: 2,
                                column: 14,
                            },
                            end: Location {
                                offset: 20,
                                line: 2,
                                column: 20,
                            },
                        },
                    },
                    generics: [],
                    variants: [
                        EnumVariant {
                            name: Ident {
                                name: "active",
                                span: Span {
                                    start: Location {
                                        offset: 23,
                                        line: 2,
                                        column: 23,
                                    },
                                    end: Location {
                                        offset: 29,
                                        line: 2,
                                        column: 29,
                                    },
                                },
                            },
                            fields: [],
                            span: Span {
                                start: Location {
                                    offset: 23,
                                    line: 2,
                                    column: 23,
                                },
                                end: Location {
                                    offset: 29,
                                    line: 2,
                                    column: 29,
                                },
                            },
                        },
                        EnumVariant {
                            name: Ident {
                                name: "inactive",
                                span: Span {
                                    start: Location {
                                        offset: 31,
                                        line: 2,
                                        column: 31,
                                    },
                                    end: Location {
                                        offset: 39,
                                        line: 2,
                                        column: 39,
                                    },
                                },
                            },
                            fields: [],
                            span: Span {
                                start: Location {
                                    offset: 31,
                                    line: 2,
                                    column: 31,
                                },
                                end: Location {
                                    offset: 39,
                                    line: 2,
                                    column: 39,
                                },
                            },
                        },
                        EnumVariant {
                            name: Ident {
                                name: "pending",
                                span: Span {
                                    start: Location {
                                        offset: 41,
                                        line: 2,
                                        column: 41,
                                    },
                                    end: Location {
                                        offset: 48,
                                        line: 2,
                                        column: 48,
                                    },
                                },
                            },
                            fields: [
                                FieldDef {
                                    mutable: false,
                                    name: Ident {
                                        name: "since",
                                        span: Span {
                                            start: Location {
                                                offset: 49,
                                                line: 2,
                                                column: 49,
                                            },
                                            end: Location {
                                                offset: 54,
                                                line: 2,
                                                column: 54,
                                            },
                                        },
                                    },
                                    ty: Primitive(
                                        I32,
                                    ),
                                    doc: None,
                                    span: Span {
                                        start: Location {
                                            offset: 49,
                                            line: 2,
                                            column: 49,
                                        },
                                        end: Location {
                                            offset: 59,
                                            line: 2,
                                            column: 59,
                                        },
                                    },
                                },
                            ],
                            span: Span {
                                start: Location {
                                    offset: 41,
                                    line: 2,
                                    column: 41,
                                },
                                end: Location {
                                    offset: 60,
                                    line: 2,
                                    column: 60,
                                },
                            },
                        },
                    ],
                    doc: None,
                    span: Span {
                        start: Location {
                            offset: 9,
                            line: 2,
                            column: 9,
                        },
                        end: Location {
                            offset: 62,
                            line: 2,
                            column: 62,
                        },
                    },
                },
            ),
        ),
        Definition(
            Function(
                FunctionDef {
                    visibility: Public,
                    name: Ident {
                        name: "label",
                        span: Span {
                            start: Location {
                                offset: 79,
                                line: 4,
                                column: 16,
                            },
                            end: Location {
                                offset: 84,
                                line: 4,
                                column: 21,
                            },
                        },
                    },
                    generics: [],
                    params: [
                        FnParam {
                            convention: Let,
                            external_label: None,
                            name: Ident {
                                name: "s",
                                span: Span {
                                    start: Location {
                                        offset: 85,
                                        line: 4,
                                        column: 22,
                                    },
                                    end: Location {
                                        offset: 86,
                                        line: 4,
                                        column: 23,
                                    },
                                },
                            },
                            ty: Some(
                                Ident(
                                    Ident {
                                        name: "Status",
                                        span: Span {
                                            start: Location {
                                                offset: 88,
                                                line: 4,
                                                column: 25,
                                            },
                                            end: Location {
                                                offset: 94,
                                                line: 4,
                                                column: 31,
                                            },
                                        },
                                    },
                                ),
                            ),
                            default: None,
                            span: Span {
                                start: Location {
                                    offset: 85,
                                    line: 4,
                                    column: 22,
                                },
                                end: Location {
                                    offset: 94,
                                    line: 4,
                                    column: 31,
                                },
                            },
                        },
                    ],
                    return_type: Some(
                        Primitive(
                            I32,
                        ),
                    ),
                    body: Some(
                        MatchExpr {
                            scrutinee: Reference {
                                path: [
                                    Ident {
                                        name: "s",
                                        span: Span {
                                            start: Location {
                                                offset: 123,
                                                line: 5,
                                                column: 19,
                                            },
                                            end: Location {
                                                offset: 124,
                                                line: 5,
                                                column: 20,
                                            },
                                        },
                                    },
                                ],
                                span: Span {
                                    start: Location {
                                        offset: 123,
                                        line: 5,
                                        column: 19,
                                    },
                                    end: Location {
                                        offset: 124,
                                        line: 5,
                                        column: 20,
                                    },
                                },
                            },
                            arms: [
                                MatchArm {
                                    pattern: Variant {
                                        name: Ident {
                                            name: "active",
                                            span: Span {
                                                start: Location {
                                                    offset: 144,
                                                    line: 6,
                                                    column: 18,
                                                },
                                                end: Location {
                                                    offset: 150,
                                                    line: 6,
                                                    column: 24,
                                                },
                                            },
                                        },
                                        bindings: [],
                                    },
                                    body: Literal {
                                        value: Number(
                                            NumberLiteral {
                                                value: Integer(
                                                    1,
                                                ),
                                                suffix: None,
                                                kind: Integer,
                                            },
                                        ),
                                        span: Span {
                                            start: Location {
                                                offset: 152,
                                                line: 6,
                                                column: 26,
                                            },
                                            end: Location {
                                                offset: 153,
                                                line: 6,
                                                column: 27,
                                            },
                                        },
                                    },
                                    span: Span {
                                        start: Location {
                                            offset: 143,
                                            line: 6,
                                            column: 17,
                                        },
                                        end: Location {
                                            offset: 153,
                                            line: 6,
                                            column: 27,
                                        },
                                    },
                                },
                                MatchArm {
                                    pattern: Variant {
                                        name: Ident {
                                            name: "inactive",
                                            span: Span {
                                                start: Location {
                                                    offset: 172,
                                                    line: 7,
                                                    column: 18,
                                                },
                                                end: Location {
                                                    offset: 180,
                                                    line: 7,
                                                    column: 26,
                                                },
                                            },
                                        },
                                        bindings: [],
                                    },
                                    body: Literal {
                                        value: Number(
                                            NumberLiteral {
                                                value: Integer(
                                                    0,
                                                ),
                                                suffix: None,
                                                kind: Integer,
                                            },
                                        ),
                                        span: Span {
                                            start: Location {
                                                offset: 182,
                                                line: 7,
                                                column: 28,
                                            },
                                            end: Location {
                                                offset: 183,
                                                line: 7,
                                                column: 29,
                                            },
                                        },
                                    },
                                    span: Span {
                                        start: Location {
                                            offset: 171,
                                            line: 7,
                                            column: 17,
                                        },
                                        end: Location {
                                            offset: 183,
                                            line: 7,
                                            column: 29,
                                        },
                                    },
                                },
                                MatchArm {
                                    pattern: Variant {
                                        name: Ident {
                                            name: "pending",
                                            span: Span {
                                                start: Location {
                                                    offset: 202,
                                                    line: 8,
                                                    column: 18,
                                                },
                                                end: Location {
                                                    offset: 209,
                                                    line: 8,
                                                    column: 25,
                                                },
                                            },
                                        },
                                        bindings: [
                                            Ident {
                                                name: "since",
                                                span: Span {
                                                    start: Location {
                                                        offset: 210,
                                                        line: 8,
                                                        column: 26,
                                                    },
                                                    end: Location {
                                                        offset: 215,
                                                        line: 8,
                                                        column: 31,
                                                    },
                                                },
                                            },
                                        ],
                                    },
                                    body: Reference {
                                        path: [
                                            Ident {
                                                name: "since",
                                                span: Span {
                                                    start: Location {
                                                        offset: 218,
                                                        line: 8,
                                                        column: 34,
                                                    },
                                                    end: Location {
                                                        offset: 223,
                                                        line: 8,
                                                        column: 39,
                                                    },
                                                },
                                            },
                                        ],
                                        span: Span {
                                            start: Location {
                                                offset: 218,
                                                line: 8,
                                                column: 34,
                                            },
                                            end: Location {
                                                offset: 223,
                                                line: 8,
                                                column: 39,
                                            },
                                        },
                                    },
                                    span: Span {
                                        start: Location {
                                            offset: 201,
                                            line: 8,
                                            column: 17,
                                        },
                                        end: Location {
                                            offset: 223,
                                            line: 8,
                                            column: 39,
                                        },
                                    },
                                },
                            ],
                            span: Span {
                                start: Location {
                                    offset: 117,
                                    line: 5,
                                    column: 13,
                                },
                                end: Location {
                                    offset: 237,
                                    line: 9,
                                    column: 14,
                                },
                            },
                        },
                    ),
                    extern_abi: None,
                    attributes: [],
                    doc: None,
                    span: Span {
                        start: Location {
                            offset: 72,
                            line: 4,
                            column: 9,
                        },
                        end: Location {
                            offset: 247,
                            line: 10,
                            column: 10,
                        },
                    },
                },
            ),
        ),
    ],
    span: Span {
        start: Location {
            offset: 9,
            line: 0,
            column: 0,
        },
        end: Location {
            offset: 247,
            line: 0,
            column: 0,
        },
    },
}
