---
source: tests/snapshots.rs
assertion_line: 167
expression: module
---
IrModule {
    structs: [],
    traits: [],
    enums: [
        IrEnum {
            name: "Status",
            visibility: Private,
            variants: [
                IrEnumVariant {
                    name: "active",
                    fields: [],
                },
                IrEnumVariant {
                    name: "inactive",
                    fields: [],
                },
                IrEnumVariant {
                    name: "pending",
                    fields: [
                        IrField {
                            name: "since",
                            ty: Primitive(
                                I32,
                            ),
                            mutable: false,
                            optional: false,
                            default: None,
                            doc: None,
                            convention: Let,
                        },
                    ],
                },
            ],
            generic_params: [],
            doc: None,
        },
    ],
    impls: [],
    lets: [],
    functions: [
        IrFunction {
            name: "label",
            generic_params: [],
            params: [
                IrFunctionParam {
                    binding_id: BindingId(
                        0,
                    ),
                    name: "s",
                    external_label: None,
                    ty: Some(
                        Enum(
                            EnumId(
                                0,
                            ),
                        ),
                    ),
                    default: None,
                    convention: Let,
                },
            ],
            return_type: Some(
                Primitive(
                    I32,
                ),
            ),
            body: Some(
                Match {
                    scrutinee: Reference {
                        path: [
                            "s",
                        ],
                        target: Unresolved,
                        ty: Enum(
                            EnumId(
                                0,
                            ),
                        ),
                    },
                    arms: [
                        IrMatchArm {
                            variant: "active",
                            variant_idx: VariantIdx(
                                0,
                            ),
                            is_wildcard: false,
                            bindings: [],
                            body: Literal {
                                value: Number(
                                    NumberLiteral {
                                        value: Integer(
                                            1,
                                        ),
                                        suffix: None,
                                        kind: Integer,
                                    },
                                ),
                                ty: Primitive(
                                    I32,
                                ),
                            },
                        },
                        IrMatchArm {
                            variant: "inactive",
                            variant_idx: VariantIdx(
                                0,
                            ),
                            is_wildcard: false,
                            bindings: [],
                            body: Literal {
                                value: Number(
                                    NumberLiteral {
                                        value: Integer(
                                            0,
                                        ),
                                        suffix: None,
                                        kind: Integer,
                                    },
                                ),
                                ty: Primitive(
                                    I32,
                                ),
                            },
                        },
                        IrMatchArm {
                            variant: "pending",
                            variant_idx: VariantIdx(
                                0,
                            ),
                            is_wildcard: false,
                            bindings: [
                                (
                                    "since",
                                    BindingId(
                                        0,
                                    ),
                                    Primitive(
                                        I32,
                                    ),
                                ),
                            ],
                            body: Reference {
                                path: [
                                    "since",
                                ],
                                target: Unresolved,
                                ty: Primitive(
                                    I32,
                                ),
                            },
                        },
                    ],
                    ty: Primitive(
                        I32,
                    ),
                },
            ),
            extern_abi: None,
            attributes: [],
            doc: None,
        },
    ],
    imports: [],
    modules: [],
    struct_names: {},
    trait_names: {},
    enum_names: {
        "Status": EnumId(
            0,
        ),
    },
    function_names: {
        "label": FunctionId(
            0,
        ),
    },
    let_names: {},
}
