---
source: tests/snapshots.rs
assertion_line: 102
expression: file
---
File {
    format_version: 1,
    statements: [
        Definition(
            Struct(
                StructDef {
                    visibility: Private,
                    name: Ident {
                        name: "Box",
                        span: Span {
                            start: Location {
                                offset: 16,
                                line: 2,
                                column: 16,
                            },
                            end: Location {
                                offset: 19,
                                line: 2,
                                column: 19,
                            },
                        },
                    },
                    generics: [
                        GenericParam {
                            name: Ident {
                                name: "T",
                                span: Span {
                                    start: Location {
                                        offset: 20,
                                        line: 2,
                                        column: 20,
                                    },
                                    end: Location {
                                        offset: 21,
                                        line: 2,
                                        column: 21,
                                    },
                                },
                            },
                            constraints: [],
                            span: Span {
                                start: Location {
                                    offset: 20,
                                    line: 2,
                                    column: 20,
                                },
                                end: Location {
                                    offset: 21,
                                    line: 2,
                                    column: 21,
                                },
                            },
                        },
                    ],
                    fields: [
                        StructField {
                            mutable: false,
                            name: Ident {
                                name: "value",
                                span: Span {
                                    start: Location {
                                        offset: 25,
                                        line: 2,
                                        column: 25,
                                    },
                                    end: Location {
                                        offset: 30,
                                        line: 2,
                                        column: 30,
                                    },
                                },
                            },
                            ty: Ident(
                                Ident {
                                    name: "T",
                                    span: Span {
                                        start: Location {
                                            offset: 32,
                                            line: 2,
                                            column: 32,
                                        },
                                        end: Location {
                                            offset: 33,
                                            line: 2,
                                            column: 33,
                                        },
                                    },
                                },
                            ),
                            optional: false,
                            default: None,
                            doc: None,
                            span: Span {
                                start: Location {
                                    offset: 25,
                                    line: 2,
                                    column: 25,
                                },
                                end: Location {
                                    offset: 33,
                                    line: 2,
                                    column: 33,
                                },
                            },
                        },
                    ],
                    doc: None,
                    span: Span {
                        start: Location {
                            offset: 9,
                            line: 2,
                            column: 9,
                        },
                        end: Location {
                            offset: 35,
                            line: 2,
                            column: 35,
                        },
                    },
                },
            ),
        ),
        Definition(
            Impl(
                ImplDef {
                    trait_name: None,
                    trait_args: [],
                    name: Ident {
                        name: "Box",
                        span: Span {
                            start: Location {
                                offset: 50,
                                line: 4,
                                column: 14,
                            },
                            end: Location {
                                offset: 53,
                                line: 4,
                                column: 17,
                            },
                        },
                    },
                    generics: [
                        GenericParam {
                            name: Ident {
                                name: "T",
                                span: Span {
                                    start: Location {
                                        offset: 54,
                                        line: 4,
                                        column: 18,
                                    },
                                    end: Location {
                                        offset: 55,
                                        line: 4,
                                        column: 19,
                                    },
                                },
                            },
                            constraints: [],
                            span: Span {
                                start: Location {
                                    offset: 54,
                                    line: 4,
                                    column: 18,
                                },
                                end: Location {
                                    offset: 55,
                                    line: 4,
                                    column: 19,
                                },
                            },
                        },
                    ],
                    functions: [
                        FnDef {
                            name: Ident {
                                name: "get",
                                span: Span {
                                    start: Location {
                                        offset: 74,
                                        line: 5,
                                        column: 16,
                                    },
                                    end: Location {
                                        offset: 77,
                                        line: 5,
                                        column: 19,
                                    },
                                },
                            },
                            params: [
                                FnParam {
                                    convention: Let,
                                    external_label: None,
                                    name: Ident {
                                        name: "self",
                                        span: Span {
                                            start: Location {
                                                offset: 78,
                                                line: 5,
                                                column: 20,
                                            },
                                            end: Location {
                                                offset: 82,
                                                line: 5,
                                                column: 24,
                                            },
                                        },
                                    },
                                    ty: None,
                                    default: None,
                                    span: Span {
                                        start: Location {
                                            offset: 78,
                                            line: 5,
                                            column: 20,
                                        },
                                        end: Location {
                                            offset: 82,
                                            line: 5,
                                            column: 24,
                                        },
                                    },
                                },
                            ],
                            return_type: Some(
                                Ident(
                                    Ident {
                                        name: "T",
                                        span: Span {
                                            start: Location {
                                                offset: 87,
                                                line: 5,
                                                column: 29,
                                            },
                                            end: Location {
                                                offset: 88,
                                                line: 5,
                                                column: 30,
                                            },
                                        },
                                    },
                                ),
                            ),
                            body: Some(
                                Reference {
                                    path: [
                                        Ident {
                                            name: "self",
                                            span: Span {
                                                start: Location {
                                                    offset: 107,
                                                    line: 6,
                                                    column: 17,
                                                },
                                                end: Location {
                                                    offset: 111,
                                                    line: 6,
                                                    column: 21,
                                                },
                                            },
                                        },
                                        Ident {
                                            name: "value",
                                            span: Span {
                                                start: Location {
                                                    offset: 112,
                                                    line: 6,
                                                    column: 22,
                                                },
                                                end: Location {
                                                    offset: 117,
                                                    line: 6,
                                                    column: 27,
                                                },
                                            },
                                        },
                                    ],
                                    span: Span {
                                        start: Location {
                                            offset: 107,
                                            line: 6,
                                            column: 17,
                                        },
                                        end: Location {
                                            offset: 117,
                                            line: 6,
                                            column: 27,
                                        },
                                    },
                                },
                            ),
                            attributes: [],
                            doc: None,
                            span: Span {
                                start: Location {
                                    offset: 71,
                                    line: 5,
                                    column: 13,
                                },
                                end: Location {
                                    offset: 131,
                                    line: 7,
                                    column: 14,
                                },
                            },
                        },
                    ],
                    is_extern: false,
                    doc: None,
                    span: Span {
                        start: Location {
                            offset: 45,
                            line: 4,
                            column: 9,
                        },
                        end: Location {
                            offset: 141,
                            line: 8,
                            column: 10,
                        },
                    },
                },
            ),
        ),
    ],
    span: Span {
        start: Location {
            offset: 9,
            line: 0,
            column: 0,
        },
        end: Location {
            offset: 141,
            line: 0,
            column: 0,
        },
    },
}
