---
source: tests/snapshots.rs
assertion_line: 115
expression: file
---
File {
    format_version: 1,
    statements: [
        Definition(
            Module(
                ModuleDef {
                    visibility: Public,
                    name: Ident {
                        name: "shapes",
                        span: Span {
                            start: Location {
                                offset: 17,
                                line: 2,
                                column: 17,
                            },
                            end: Location {
                                offset: 23,
                                line: 2,
                                column: 23,
                            },
                        },
                    },
                    definitions: [
                        Struct(
                            StructDef {
                                visibility: Public,
                                name: Ident {
                                    name: "Circle",
                                    span: Span {
                                        start: Location {
                                            offset: 49,
                                            line: 3,
                                            column: 24,
                                        },
                                        end: Location {
                                            offset: 55,
                                            line: 3,
                                            column: 30,
                                        },
                                    },
                                },
                                generics: [],
                                fields: [
                                    StructField {
                                        mutable: false,
                                        name: Ident {
                                            name: "radius",
                                            span: Span {
                                                start: Location {
                                                    offset: 58,
                                                    line: 3,
                                                    column: 33,
                                                },
                                                end: Location {
                                                    offset: 64,
                                                    line: 3,
                                                    column: 39,
                                                },
                                            },
                                        },
                                        ty: Primitive(
                                            I32,
                                        ),
                                        optional: false,
                                        default: None,
                                        doc: None,
                                        span: Span {
                                            start: Location {
                                                offset: 58,
                                                line: 3,
                                                column: 33,
                                            },
                                            end: Location {
                                                offset: 69,
                                                line: 3,
                                                column: 44,
                                            },
                                        },
                                    },
                                ],
                                doc: None,
                                span: Span {
                                    start: Location {
                                        offset: 38,
                                        line: 3,
                                        column: 13,
                                    },
                                    end: Location {
                                        offset: 71,
                                        line: 3,
                                        column: 46,
                                    },
                                },
                            },
                        ),
                    ],
                    doc: None,
                    span: Span {
                        start: Location {
                            offset: 9,
                            line: 2,
                            column: 9,
                        },
                        end: Location {
                            offset: 81,
                            line: 4,
                            column: 10,
                        },
                    },
                },
            ),
        ),
        Let(
            LetBinding {
                visibility: Private,
                mutable: false,
                pattern: Simple(
                    Ident {
                        name: "c",
                        span: Span {
                            start: Location {
                                offset: 95,
                                line: 6,
                                column: 13,
                            },
                            end: Location {
                                offset: 96,
                                line: 6,
                                column: 14,
                            },
                        },
                    },
                ),
                type_annotation: None,
                value: Invocation {
                    path: [
                        Ident {
                            name: "shapes",
                            span: Span {
                                start: Location {
                                    offset: 99,
                                    line: 6,
                                    column: 17,
                                },
                                end: Location {
                                    offset: 105,
                                    line: 6,
                                    column: 23,
                                },
                            },
                        },
                        Ident {
                            name: "Circle",
                            span: Span {
                                start: Location {
                                    offset: 107,
                                    line: 6,
                                    column: 25,
                                },
                                end: Location {
                                    offset: 113,
                                    line: 6,
                                    column: 31,
                                },
                            },
                        },
                    ],
                    type_args: [],
                    args: [
                        (
                            Some(
                                Ident {
                                    name: "radius",
                                    span: Span {
                                        start: Location {
                                            offset: 114,
                                            line: 6,
                                            column: 32,
                                        },
                                        end: Location {
                                            offset: 120,
                                            line: 6,
                                            column: 38,
                                        },
                                    },
                                },
                            ),
                            Literal {
                                value: Number(
                                    NumberLiteral {
                                        value: Integer(
                                            10,
                                        ),
                                        suffix: None,
                                        kind: Integer,
                                    },
                                ),
                                span: Span {
                                    start: Location {
                                        offset: 122,
                                        line: 6,
                                        column: 40,
                                    },
                                    end: Location {
                                        offset: 124,
                                        line: 6,
                                        column: 42,
                                    },
                                },
                            },
                        ),
                    ],
                    span: Span {
                        start: Location {
                            offset: 99,
                            line: 6,
                            column: 17,
                        },
                        end: Location {
                            offset: 125,
                            line: 6,
                            column: 43,
                        },
                    },
                },
                doc: None,
                span: Span {
                    start: Location {
                        offset: 91,
                        line: 6,
                        column: 9,
                    },
                    end: Location {
                        offset: 125,
                        line: 6,
                        column: 43,
                    },
                },
            },
        ),
    ],
    span: Span {
        start: Location {
            offset: 9,
            line: 0,
            column: 0,
        },
        end: Location {
            offset: 125,
            line: 0,
            column: 0,
        },
    },
}
