---
source: tests/snapshots.rs
assertion_line: 150
expression: module
---
IrModule {
    structs: [
        IrStruct {
            name: "Point",
            visibility: Private,
            traits: [],
            fields: [
                IrField {
                    name: "x",
                    ty: Primitive(
                        I32,
                    ),
                    mutable: false,
                    optional: false,
                    default: None,
                    doc: None,
                },
                IrField {
                    name: "y",
                    ty: Primitive(
                        I32,
                    ),
                    mutable: false,
                    optional: false,
                    default: None,
                    doc: None,
                },
            ],
            generic_params: [],
            doc: None,
        },
    ],
    traits: [],
    enums: [],
    impls: [
        IrImpl {
            target: Struct(
                StructId(
                    0,
                ),
            ),
            trait_ref: None,
            is_extern: false,
            generic_params: [],
            functions: [
                IrFunction {
                    name: "magnitude",
                    generic_params: [],
                    params: [
                        IrFunctionParam {
                            name: "self",
                            external_label: None,
                            ty: None,
                            default: None,
                            convention: Let,
                        },
                    ],
                    return_type: Some(
                        Primitive(
                            I32,
                        ),
                    ),
                    body: Some(
                        BinaryOp {
                            left: SelfFieldRef {
                                field: "x",
                                ty: Primitive(
                                    I32,
                                ),
                            },
                            op: Add,
                            right: SelfFieldRef {
                                field: "y",
                                ty: Primitive(
                                    I32,
                                ),
                            },
                            ty: Primitive(
                                I32,
                            ),
                        },
                    ),
                    extern_abi: None,
                    attributes: [],
                    doc: None,
                },
            ],
        },
    ],
    lets: [],
    functions: [],
    imports: [],
    modules: [],
    struct_names: {
        "Point": StructId(
            0,
        ),
    },
    trait_names: {},
    enum_names: {},
    function_names: {},
    let_names: {},
}
