---
source: tests/type_matrix.rs
expression: out
---
Legend: . accepted   x rejected
Rows are the declared type, columns the value's type.

=== let annotation ===
              I32           I64           F32           F64           Boolean       String        [I32]         [String]      [String:I32]  I32?          String?       tuple         closure       Point         Other         Colour        
I32           .             x             x             x             x             x             x             x             x             x             x             x             x             x             x             x             
I64           x             .             x             x             x             x             x             x             x             x             x             x             x             x             x             x             
F32           x             x             .             x             x             x             x             x             x             x             x             x             x             x             x             x             
F64           x             x             x             .             x             x             x             x             x             x             x             x             x             x             x             x             
Boolean       x             x             x             x             .             x             x             x             x             x             x             x             x             x             x             x             
String        x             x             x             x             x             .             x             x             x             x             x             x             x             x             x             x             
[I32]         x             x             x             x             x             x             .             x             x             x             x             x             x             x             x             x             
[String]      x             x             x             x             x             x             x             .             x             x             x             x             x             x             x             x             
[String:I32]  x             x             x             x             x             x             x             x             .             x             x             x             x             x             x             x             
I32?          .             x             x             x             x             x             x             x             x             .             .             x             x             x             x             x             
String?       x             x             x             x             x             .             x             x             x             .             .             x             x             x             x             x             
tuple         x             x             x             x             x             x             x             x             x             x             x             .             x             x             x             x             
closure       x             x             x             x             x             x             x             x             x             x             x             x             .             x             x             x             
Point         x             x             x             x             x             x             x             x             x             x             x             x             x             .             x             x             
Other         x             x             x             x             x             x             x             x             x             x             x             x             x             x             .             x             
Colour        x             x             x             x             x             x             x             x             x             x             x             x             x             x             x             .             

=== module let ===
              I32           I64           F32           F64           Boolean       String        [I32]         [String]      [String:I32]  I32?          String?       tuple         closure       Point         Other         Colour        
I32           .             x             x             x             x             x             x             x             x             x             x             x             x             x             x             x             
I64           x             .             x             x             x             x             x             x             x             x             x             x             x             x             x             x             
F32           x             x             .             x             x             x             x             x             x             x             x             x             x             x             x             x             
F64           x             x             x             .             x             x             x             x             x             x             x             x             x             x             x             x             
Boolean       x             x             x             x             .             x             x             x             x             x             x             x             x             x             x             x             
String        x             x             x             x             x             .             x             x             x             x             x             x             x             x             x             x             
[I32]         x             x             x             x             x             x             .             x             x             x             x             x             x             x             x             x             
[String]      x             x             x             x             x             x             x             .             x             x             x             x             x             x             x             x             
[String:I32]  x             x             x             x             x             x             x             x             .             x             x             x             x             x             x             x             
I32?          .             x             x             x             x             x             x             x             x             .             .             x             x             x             x             x             
String?       x             x             x             x             x             .             x             x             x             .             .             x             x             x             x             x             
tuple         x             x             x             x             x             x             x             x             x             x             x             .             x             x             x             x             
closure       x             x             x             x             x             x             x             x             x             x             x             x             .             x             x             x             
Point         x             x             x             x             x             x             x             x             x             x             x             x             x             .             x             x             
Other         x             x             x             x             x             x             x             x             x             x             x             x             x             x             .             x             
Colour        x             x             x             x             x             x             x             x             x             x             x             x             x             x             x             .             

=== call argument ===
              I32           I64           F32           F64           Boolean       String        [I32]         [String]      [String:I32]  I32?          String?       tuple         closure       Point         Other         Colour        
I32           .             x             x             x             x             x             x             x             x             x             x             x             x             x             x             x             
I64           x             .             x             x             x             x             x             x             x             x             x             x             x             x             x             x             
F32           x             x             .             x             x             x             x             x             x             x             x             x             x             x             x             x             
F64           x             x             x             .             x             x             x             x             x             x             x             x             x             x             x             x             
Boolean       x             x             x             x             .             x             x             x             x             x             x             x             x             x             x             x             
String        x             x             x             x             x             .             x             x             x             x             x             x             x             x             x             x             
[I32]         x             x             x             x             x             x             .             x             x             x             x             x             x             x             x             x             
[String]      x             x             x             x             x             x             x             .             x             x             x             x             x             x             x             x             
[String:I32]  x             x             x             x             x             x             x             x             .             x             x             x             x             x             x             x             
I32?          .             x             x             x             x             x             x             x             x             .             .             x             x             x             x             x             
String?       x             x             x             x             x             .             x             x             x             .             .             x             x             x             x             x             
tuple         x             x             x             x             x             x             x             x             x             x             x             .             x             x             x             x             
closure       x             x             x             x             x             x             x             x             x             x             x             x             .             x             x             x             
Point         x             x             x             x             x             x             x             x             x             x             x             x             x             .             x             x             
Other         x             x             x             x             x             x             x             x             x             x             x             x             x             x             .             x             
Colour        x             x             x             x             x             x             x             x             x             x             x             x             x             x             x             .             

=== method argument ===
              I32           I64           F32           F64           Boolean       String        [I32]         [String]      [String:I32]  I32?          String?       tuple         closure       Point         Other         Colour        
I32           .             x             x             x             x             x             x             x             x             x             x             x             x             x             x             x             
I64           x             .             x             x             x             x             x             x             x             x             x             x             x             x             x             x             
F32           x             x             .             x             x             x             x             x             x             x             x             x             x             x             x             x             
F64           x             x             x             .             x             x             x             x             x             x             x             x             x             x             x             x             
Boolean       x             x             x             x             .             x             x             x             x             x             x             x             x             x             x             x             
String        x             x             x             x             x             .             x             x             x             x             x             x             x             x             x             x             
[I32]         x             x             x             x             x             x             .             x             x             x             x             x             x             x             x             x             
[String]      x             x             x             x             x             x             x             .             x             x             x             x             x             x             x             x             
[String:I32]  x             x             x             x             x             x             x             x             .             x             x             x             x             x             x             x             
I32?          .             x             x             x             x             x             x             x             x             .             .             x             x             x             x             x             
String?       x             x             x             x             x             .             x             x             x             .             .             x             x             x             x             x             
tuple         x             x             x             x             x             x             x             x             x             x             x             .             x             x             x             x             
closure       x             x             x             x             x             x             x             x             x             x             x             x             .             x             x             x             
Point         x             x             x             x             x             x             x             x             x             x             x             x             x             .             x             x             
Other         x             x             x             x             x             x             x             x             x             x             x             x             x             x             .             x             
Colour        x             x             x             x             x             x             x             x             x             x             x             x             x             x             x             .             

=== function return ===
              I32           I64           F32           F64           Boolean       String        [I32]         [String]      [String:I32]  I32?          String?       tuple         closure       Point         Other         Colour        
I32           .             x             x             x             x             x             x             x             x             x             x             x             x             x             x             x             
I64           x             .             x             x             x             x             x             x             x             x             x             x             x             x             x             x             
F32           x             x             .             x             x             x             x             x             x             x             x             x             x             x             x             x             
F64           x             x             x             .             x             x             x             x             x             x             x             x             x             x             x             x             
Boolean       x             x             x             x             .             x             x             x             x             x             x             x             x             x             x             x             
String        x             x             x             x             x             .             x             x             x             x             x             x             x             x             x             x             
[I32]         x             x             x             x             x             x             .             x             x             x             x             x             x             x             x             x             
[String]      x             x             x             x             x             x             x             .             x             x             x             x             x             x             x             x             
[String:I32]  x             x             x             x             x             x             x             x             .             x             x             x             x             x             x             x             
I32?          .             x             x             x             x             x             x             x             x             .             .             x             x             x             x             x             
String?       x             x             x             x             x             .             x             x             x             .             .             x             x             x             x             x             
tuple         x             x             x             x             x             x             x             x             x             x             x             .             x             x             x             x             
closure       x             x             x             x             x             x             x             x             x             x             x             x             .             x             x             x             
Point         x             x             x             x             x             x             x             x             x             x             x             x             x             .             x             x             
Other         x             x             x             x             x             x             x             x             x             x             x             x             x             x             .             x             
Colour        x             x             x             x             x             x             x             x             x             x             x             x             x             x             x             .             

=== struct field default ===
              I32           I64           F32           F64           Boolean       String        [I32]         [String]      [String:I32]  I32?          String?       tuple         closure       Point         Other         Colour        
I32           .             x             x             x             x             x             x             x             x             x             x             x             x             x             x             x             
I64           x             .             x             x             x             x             x             x             x             x             x             x             x             x             x             x             
F32           x             x             .             x             x             x             x             x             x             x             x             x             x             x             x             x             
F64           x             x             x             .             x             x             x             x             x             x             x             x             x             x             x             x             
Boolean       x             x             x             x             .             x             x             x             x             x             x             x             x             x             x             x             
String        x             x             x             x             x             .             x             x             x             x             x             x             x             x             x             x             
[I32]         x             x             x             x             x             x             .             x             x             x             x             x             x             x             x             x             
[String]      x             x             x             x             x             x             x             .             x             x             x             x             x             x             x             x             
[String:I32]  x             x             x             x             x             x             x             x             .             x             x             x             x             x             x             x             
I32?          .             x             x             x             x             x             x             x             x             .             .             x             x             x             x             x             
String?       x             x             x             x             x             .             x             x             x             .             .             x             x             x             x             x             
tuple         x             x             x             x             x             x             x             x             x             x             x             .             x             x             x             x             
closure       x             x             x             x             x             x             x             x             x             x             x             x             .             x             x             x             
Point         x             x             x             x             x             x             x             x             x             x             x             x             x             .             x             x             
Other         x             x             x             x             x             x             x             x             x             x             x             x             x             x             .             x             
Colour        x             x             x             x             x             x             x             x             x             x             x             x             x             x             x             .             

=== struct field init ===
              I32           I64           F32           F64           Boolean       String        [I32]         [String]      [String:I32]  I32?          String?       tuple         closure       Point         Other         Colour        
I32           .             x             x             x             x             x             x             x             x             x             x             x             x             x             x             x             
I64           x             .             x             x             x             x             x             x             x             x             x             x             x             x             x             x             
F32           x             x             .             x             x             x             x             x             x             x             x             x             x             x             x             x             
F64           x             x             x             .             x             x             x             x             x             x             x             x             x             x             x             x             
Boolean       x             x             x             x             .             x             x             x             x             x             x             x             x             x             x             x             
String        x             x             x             x             x             .             x             x             x             x             x             x             x             x             x             x             
[I32]         x             x             x             x             x             x             .             x             x             x             x             x             x             x             x             x             
[String]      x             x             x             x             x             x             x             .             x             x             x             x             x             x             x             x             
[String:I32]  x             x             x             x             x             x             x             x             .             x             x             x             x             x             x             x             
I32?          .             x             x             x             x             x             x             x             x             .             .             x             x             x             x             x             
String?       x             x             x             x             x             .             x             x             x             .             .             x             x             x             x             x             
tuple         x             x             x             x             x             x             x             x             x             x             x             .             x             x             x             x             
closure       x             x             x             x             x             x             x             x             x             x             x             x             .             x             x             x             
Point         x             x             x             x             x             x             x             x             x             x             x             x             x             .             x             x             
Other         x             x             x             x             x             x             x             x             x             x             x             x             x             x             .             x             
Colour        x             x             x             x             x             x             x             x             x             x             x             x             x             x             x             .             

=== enum payload ===
              I32           I64           F32           F64           Boolean       String        [I32]         [String]      [String:I32]  I32?          String?       tuple         closure       Point         Other         Colour        
I32           .             x             x             x             x             x             x             x             x             x             x             x             x             x             x             x             
I64           x             .             x             x             x             x             x             x             x             x             x             x             x             x             x             x             
F32           x             x             .             x             x             x             x             x             x             x             x             x             x             x             x             x             
F64           x             x             x             .             x             x             x             x             x             x             x             x             x             x             x             x             
Boolean       x             x             x             x             .             x             x             x             x             x             x             x             x             x             x             x             
String        x             x             x             x             x             .             x             x             x             x             x             x             x             x             x             x             
[I32]         x             x             x             x             x             x             .             x             x             x             x             x             x             x             x             x             
[String]      x             x             x             x             x             x             x             .             x             x             x             x             x             x             x             x             
[String:I32]  x             x             x             x             x             x             x             x             .             x             x             x             x             x             x             x             
I32?          .             x             x             x             x             x             x             x             x             .             .             x             x             x             x             x             
String?       x             x             x             x             x             .             x             x             x             .             .             x             x             x             x             x             
tuple         x             x             x             x             x             x             x             x             x             x             x             .             x             x             x             x             
closure       x             x             x             x             x             x             x             x             x             x             x             x             .             x             x             x             
Point         x             x             x             x             x             x             x             x             x             x             x             x             x             .             x             x             
Other         x             x             x             x             x             x             x             x             x             x             x             x             x             x             .             x             
Colour        x             x             x             x             x             x             x             x             x             x             x             x             x             x             x             .             

=== array element ===
              I32           I64           F32           F64           Boolean       String        [I32]         [String]      [String:I32]  I32?          String?       tuple         closure       Point         Other         Colour        
I32           .             x             x             x             x             x             x             x             x             x             x             x             x             x             x             x             
I64           x             .             x             x             x             x             x             x             x             x             x             x             x             x             x             x             
F32           x             x             .             x             x             x             x             x             x             x             x             x             x             x             x             x             
F64           x             x             x             .             x             x             x             x             x             x             x             x             x             x             x             x             
Boolean       x             x             x             x             .             x             x             x             x             x             x             x             x             x             x             x             
String        x             x             x             x             x             .             x             x             x             x             x             x             x             x             x             x             
[I32]         x             x             x             x             x             x             .             x             x             x             x             x             x             x             x             x             
[String]      x             x             x             x             x             x             x             .             x             x             x             x             x             x             x             x             
[String:I32]  x             x             x             x             x             x             x             x             .             x             x             x             x             x             x             x             
I32?          x             x             x             x             x             x             x             x             x             .             .             x             x             x             x             x             
String?       x             x             x             x             x             x             x             x             x             .             .             x             x             x             x             x             
tuple         x             x             x             x             x             x             x             x             x             x             x             .             x             x             x             x             
closure       x             x             x             x             x             x             x             x             x             x             x             x             .             x             x             x             
Point         x             x             x             x             x             x             x             x             x             x             x             x             x             .             x             x             
Other         x             x             x             x             x             x             x             x             x             x             x             x             x             x             .             x             
Colour        x             x             x             x             x             x             x             x             x             x             x             x             x             x             x             .             

=== dictionary value ===
              I32           I64           F32           F64           Boolean       String        [I32]         [String]      [String:I32]  I32?          String?       tuple         closure       Point         Other         Colour        
I32           .             x             x             x             x             x             x             x             x             x             x             x             x             x             x             x             
I64           x             .             x             x             x             x             x             x             x             x             x             x             x             x             x             x             
F32           x             x             .             x             x             x             x             x             x             x             x             x             x             x             x             x             
F64           x             x             x             .             x             x             x             x             x             x             x             x             x             x             x             x             
Boolean       x             x             x             x             .             x             x             x             x             x             x             x             x             x             x             x             
String        x             x             x             x             x             .             x             x             x             x             x             x             x             x             x             x             
[I32]         x             x             x             x             x             x             .             x             x             x             x             x             x             x             x             x             
[String]      x             x             x             x             x             x             x             .             x             x             x             x             x             x             x             x             
[String:I32]  x             x             x             x             x             x             x             x             .             x             x             x             x             x             x             x             
I32?          x             x             x             x             x             x             x             x             x             .             .             x             x             x             x             x             
String?       x             x             x             x             x             x             x             x             x             .             .             x             x             x             x             x             
tuple         x             x             x             x             x             x             x             x             x             x             x             .             x             x             x             x             
closure       x             x             x             x             x             x             x             x             x             x             x             x             .             x             x             x             
Point         x             x             x             x             x             x             x             x             x             x             x             x             x             .             x             x             
Other         x             x             x             x             x             x             x             x             x             x             x             x             x             x             .             x             
Colour        x             x             x             x             x             x             x             x             x             x             x             x             x             x             x             .             

=== default parameter ===
              I32           I64           F32           F64           Boolean       String        [I32]         [String]      [String:I32]  I32?          String?       tuple         closure       Point         Other         Colour        
I32           .             x             x             x             x             x             x             x             x             x             x             x             x             x             x             x             
I64           x             .             x             x             x             x             x             x             x             x             x             x             x             x             x             x             
F32           x             x             .             x             x             x             x             x             x             x             x             x             x             x             x             x             
F64           x             x             x             .             x             x             x             x             x             x             x             x             x             x             x             x             
Boolean       x             x             x             x             .             x             x             x             x             x             x             x             x             x             x             x             
String        x             x             x             x             x             .             x             x             x             x             x             x             x             x             x             x             
[I32]         x             x             x             x             x             x             .             x             x             x             x             x             x             x             x             x             
[String]      x             x             x             x             x             x             x             .             x             x             x             x             x             x             x             x             
[String:I32]  x             x             x             x             x             x             x             x             .             x             x             x             x             x             x             x             
I32?          .             x             x             x             x             x             x             x             x             .             .             x             x             x             x             x             
String?       x             x             x             x             x             .             x             x             x             .             .             x             x             x             x             x             
tuple         x             x             x             x             x             x             x             x             x             x             x             .             x             x             x             x             
closure       x             x             x             x             x             x             x             x             x             x             x             x             .             x             x             x             
Point         x             x             x             x             x             x             x             x             x             x             x             x             x             .             x             x             
Other         x             x             x             x             x             x             x             x             x             x             x             x             x             x             .             x             
Colour        x             x             x             x             x             x             x             x             x             x             x             x             x             x             x             .             

=== closure return ===
              I32           I64           F32           F64           Boolean       String        [I32]         [String]      [String:I32]  I32?          String?       tuple         closure       Point         Other         Colour        
I32           .             x             x             x             x             x             x             x             x             x             x             x             x             x             x             x             
I64           x             .             x             x             x             x             x             x             x             x             x             x             x             x             x             x             
F32           x             x             .             x             x             x             x             x             x             x             x             x             x             x             x             x             
F64           x             x             x             .             x             x             x             x             x             x             x             x             x             x             x             x             
Boolean       x             x             x             x             .             x             x             x             x             x             x             x             x             x             x             x             
String        x             x             x             x             x             .             x             x             x             x             x             x             x             x             x             x             
[I32]         x             x             x             x             x             x             .             x             x             x             x             x             x             x             x             x             
[String]      x             x             x             x             x             x             x             .             x             x             x             x             x             x             x             x             
[String:I32]  x             x             x             x             x             x             x             x             .             x             x             x             x             x             x             x             
I32?          .             x             x             x             x             x             x             x             x             .             .             x             x             x             x             x             
String?       x             x             x             x             x             .             x             x             x             .             .             x             x             x             x             x             
tuple         x             x             x             x             x             x             x             x             x             x             x             .             x             x             x             x             
closure       x             x             x             x             x             x             x             x             x             x             x             x             .             x             x             x             
Point         x             x             x             x             x             x             x             x             x             x             x             x             x             .             x             x             
Other         x             x             x             x             x             x             x             x             x             x             x             x             x             x             .             x             
Colour        x             x             x             x             x             x             x             x             x             x             x             x             x             x             x             .             

=== if branches ===
              I32           I64           F32           F64           Boolean       String        [I32]         [String]      [String:I32]  I32?          String?       tuple         closure       Point         Other         Colour        
I32           .             x             x             x             x             x             x             x             x             x             x             x             x             x             x             x             
I64           x             .             x             x             x             x             x             x             x             x             x             x             x             x             x             x             
F32           x             x             .             x             x             x             x             x             x             x             x             x             x             x             x             x             
F64           x             x             x             .             x             x             x             x             x             x             x             x             x             x             x             x             
Boolean       x             x             x             x             .             x             x             x             x             x             x             x             x             x             x             x             
String        x             x             x             x             x             .             x             x             x             x             x             x             x             x             x             x             
[I32]         x             x             x             x             x             x             .             x             x             x             x             x             x             x             x             x             
[String]      x             x             x             x             x             x             x             .             x             x             x             x             x             x             x             x             
[String:I32]  x             x             x             x             x             x             x             x             .             x             x             x             x             x             x             x             
I32?          .             x             x             x             x             x             x             x             x             .             .             x             x             x             x             x             
String?       x             x             x             x             x             .             x             x             x             .             .             x             x             x             x             x             
tuple         x             x             x             x             x             x             x             x             x             x             x             .             x             x             x             x             
closure       x             x             x             x             x             x             x             x             x             x             x             x             .             x             x             x             
Point         x             x             x             x             x             x             x             x             x             x             x             x             x             .             x             x             
Other         x             x             x             x             x             x             x             x             x             x             x             x             x             x             .             x             
Colour        x             x             x             x             x             x             x             x             x             x             x             x             x             x             x             .             

=== assignment ===
              I32           I64           F32           F64           Boolean       String        [I32]         [String]      [String:I32]  I32?          String?       tuple         closure       Point         Other         Colour        
I32           .             x             x             x             x             x             x             x             x             x             x             x             x             x             x             x             
I64           x             .             x             x             x             x             x             x             x             x             x             x             x             x             x             x             
F32           x             x             .             x             x             x             x             x             x             x             x             x             x             x             x             x             
F64           x             x             x             .             x             x             x             x             x             x             x             x             x             x             x             x             
Boolean       x             x             x             x             .             x             x             x             x             x             x             x             x             x             x             x             
String        x             x             x             x             x             .             x             x             x             x             x             x             x             x             x             x             
[I32]         x             x             x             x             x             x             .             x             x             x             x             x             x             x             x             x             
[String]      x             x             x             x             x             x             x             .             x             x             x             x             x             x             x             x             
[String:I32]  x             x             x             x             x             x             x             x             .             x             x             x             x             x             x             x             
I32?          .             x             x             x             x             x             x             x             x             .             .             x             x             x             x             x             
String?       x             x             x             x             x             .             x             x             x             .             .             x             x             x             x             x             
tuple         x             x             x             x             x             x             x             x             x             x             x             .             x             x             x             x             
closure       x             x             x             x             x             x             x             x             x             x             x             x             .             x             x             x             
Point         x             x             x             x             x             x             x             x             x             x             x             x             x             .             x             x             
Other         x             x             x             x             x             x             x             x             x             x             x             x             x             x             .             x             
Colour        x             x             x             x             x             x             x             x             x             x             x             x             x             x             x             .
